Flutter crash report.
Please report a bug at https://github.com/flutter/flutter/issues.

## command

flutter run

## exception

UnsupportedError: Unsupported operation: Illegal character in path: **

```
#0      _Uri._checkWindowsPathReservedCharacters (dart:core/uri.dart:2171:11)
#1      _Uri._toWindowsFilePath (dart:core/uri.dart:3470:7)
#2      _Uri.toFilePath (dart:core/uri.dart:3444:38)
#3      ManifestAssetBundle._ensureAssetPathIsValid (package:flutter_tools/src/asset.dart:1342:32)
#4      ManifestAssetBundle._resolveAsset (package:flutter_tools/src/asset.dart:1364:5)
#5      ManifestAssetBundle._parseAssetFromFile (package:flutter_tools/src/asset.dart:1217:26)
#6      ManifestAssetBundle._parseAssets (package:flutter_tools/src/asset.dart:1051:9)
#7      ManifestAssetBundle.build (package:flutter_tools/src/asset.dart:384:54)
<asynchronous suspension>
#8      HotRunner._updateDevFS (package:flutter_tools/src/run_hot.dart:501:28)
<asynchronous suspension>
#9      HotRunner._attach (package:flutter_tools/src/run_hot.dart:309:40)
<asynchronous suspension>
#10     RunCommand.runCommand (package:flutter_tools/src/commands/run.dart:904:26)
<asynchronous suspension>
#11     FlutterCommand.run.<anonymous closure> (package:flutter_tools/src/runner/flutter_command.dart:1590:27)
<asynchronous suspension>
#12     AppContext.run.<anonymous closure> (package:flutter_tools/src/base/context.dart:154:19)
<asynchronous suspension>
#13     CommandRunner.runCommand (package:args/command_runner.dart:212:13)
<asynchronous suspension>
#14     FlutterCommandRunner.runCommand.<anonymous closure> (package:flutter_tools/src/runner/flutter_command_runner.dart:496:9)
<asynchronous suspension>
#15     AppContext.run.<anonymous closure> (package:flutter_tools/src/base/context.dart:154:19)
<asynchronous suspension>
#16     FlutterCommandRunner.runCommand (package:flutter_tools/src/runner/flutter_command_runner.dart:431:5)
<asynchronous suspension>
#17     FlutterCommandRunner.run.<anonymous closure> (package:flutter_tools/src/runner/flutter_command_runner.dart:307:33)
<asynchronous suspension>
#18     run.<anonymous closure>.<anonymous closure> (package:flutter_tools/runner.dart:104:11)
<asynchronous suspension>
#19     AppContext.run.<anonymous closure> (package:flutter_tools/src/base/context.dart:154:19)
<asynchronous suspension>
#20     main (package:flutter_tools/executable.dart:103:3)
<asynchronous suspension>
```

## flutter doctor

```
[32m[✓][39m Flutter (Channel stable, 3.41.0, on Microsoft Windows [Version 10.0.26200.8655], locale id-ID) [286ms]
    [32m•[39m Flutter version 3.41.0 on channel stable at C:\flutter
    [32m•[39m Upstream repository https://github.com/flutter/flutter.git
    [32m•[39m Framework revision 44a626f4f0 (4 months ago), 2026-02-10 10:16:12 -0800
    [32m•[39m Engine revision 3452d735bd
    [32m•[39m Dart version 3.11.0
    [32m•[39m DevTools version 2.54.1
    [32m•[39m Feature flags: enable-web, enable-linux-desktop, enable-macos-desktop, enable-windows-desktop, enable-android, enable-ios, cli-animations, enable-native-assets, omit-legacy-version-file,
      enable-lldb-debugging, enable-uiscene-migration

[32m[✓][39m Windows Version (11 Home Single Language 64-bit, 25H2, 2009) [1.176ms]

[33m[!][39m Android toolchain - develop for Android devices (Android SDK version 36.1.0) [320ms]
    [32m•[39m Android SDK at C:\Users\adria\AppData\Local\Android\sdk
    [32m•[39m Emulator version 36.6.11.0 (build_id 15507667) (CL:N/A)
    [31m✗[39m cmdline-tools component is missing.
      Try installing or updating Android Studio.
      Alternatively, download the tools from https://developer.android.com/studio#command-line-tools-only and make sure to set the ANDROID_HOME environment variable.
      See https://developer.android.com/studio/command-line for more details.
    [31m✗[39m Android license status unknown.
      Run `flutter doctor --android-licenses` to accept the SDK licenses.
      See https://flutter.dev/to/windows-android-setup for more details.

[32m[✓][39m Chrome - develop for the web [8ms]
    [32m•[39m Chrome at C:\Program Files\Google\Chrome\Application\chrome.exe

[31m[✗][39m Visual Studio - develop Windows apps [7ms]
    [31m✗[39m Visual Studio not installed; this is necessary to develop Windows apps.
      Download at https://visualstudio.microsoft.com/downloads/.
      Please install the "Desktop development with C++" workload, including all of its default components

[32m[✓][39m Connected device (4 available) [306ms]
    [32m•[39m 25053PC47G (mobile) • 135b50af • android-arm64  • Android 16 (API 36)
    [32m•[39m Windows (desktop)   • windows  • windows-x64    • Microsoft Windows [Version 10.0.26200.8655]
    [32m•[39m Chrome (web)        • chrome   • web-javascript • Google Chrome 149.0.7827.103
    [32m•[39m Edge (web)          • edge     • web-javascript • Microsoft Edge 149.0.4022.69

[32m[✓][39m Network resources [1.441ms]
    [32m•[39m All expected network resources are available.

[33m![39m Doctor found issues in 2 categories.
```
