Flutter crash report.
Please report a bug at https://github.com/flutter/flutter/issues.

## command

flutter --quiet assemble --no-version-check --depfile C:\xampp\htdocs\hutch-web\hutch_id_Website_OrderFlow\build\app\intermediates\flutter\release/flutter_build.d --output C:\xampp\htdocs\hutch-web\hutch_id_Website_OrderFlow\build\app\intermediates\flutter\release -dTargetFile=lib\main.dart -dTargetPlatform=android -dBuildMode=release -dTrackWidgetCreation=true -dTreeShakeIcons=true --DartDefines=RkxVVFRFUl9WRVJTSU9OPTMuNDEuMA==,RkxVVFRFUl9DSEFOTkVMPXN0YWJsZQ==,RkxVVFRFUl9HSVRfVVJMPWh0dHBzOi8vZ2l0aHViLmNvbS9mbHV0dGVyL2ZsdXR0ZXIuZ2l0,RkxVVFRFUl9GUkFNRVdPUktfUkVWSVNJT049NDRhNjI2ZjRmMA==,RkxVVFRFUl9FTkdJTkVfUkVWSVNJT049MzQ1MmQ3MzViZA==,RkxVVFRFUl9EQVJUX1ZFUlNJT049My4xMS4w -dFlavor= -dAndroidArchs=android-arm android-arm64 android-x64 -dMinSdkVersion=24 android_aot_bundle_release_android-arm android_aot_bundle_release_android-arm64 android_aot_bundle_release_android-x64

## exception

UnsupportedError: Unsupported operation: Illegal character in path: **

```
#0      _Uri._checkWindowsPathReservedCharacters (dart:core/uri.dart:2171:11)
#1      _Uri._toWindowsFilePath (dart:core/uri.dart:3470:7)
#2      _Uri.toFilePath (dart:core/uri.dart:3444:38)
#3      ManifestAssetBundle._ensureAssetPathIsValid (package:flutter_tools/src/asset.dart:1342:32)
#4      ManifestAssetBundle._resolveAsset (package:flutter_tools/src/asset.dart:1364:5)
#5      ManifestAssetBundle._parseAssetFromFile (package:flutter_tools/src/asset.dart:1217:26)
#6      ManifestAssetBundle._parseAssets (package:flutter_tools/src/asset.dart:1051:9)
#7      ManifestAssetBundle.build (package:flutter_tools/src/asset.dart:384:54)
<asynchronous suspension>
#8      copyAssets (package:flutter_tools/src/build_system/targets/assets.dart:52:26)
<asynchronous suspension>
#9      AndroidAssetBundle.build (package:flutter_tools/src/build_system/targets/android.dart:75:34)
<asynchronous suspension>
#10     _BuildInstance._invokeInternal (package:flutter_tools/src/build_system/build_system.dart:937:9)
<asynchronous suspension>
#11     Future.wait.<anonymous closure> (dart:async/future.dart:546:21)
<asynchronous suspension>
#12     _BuildInstance.invokeTarget (package:flutter_tools/src/build_system/build_system.dart:875:32)
<asynchronous suspension>
#13     Future.wait.<anonymous closure> (dart:async/future.dart:546:21)
<asynchronous suspension>
#14     _BuildInstance.invokeTarget (package:flutter_tools/src/build_system/build_system.dart:875:32)
<asynchronous suspension>
#15     FlutterBuildSystem.build (package:flutter_tools/src/build_system/build_system.dart:684:16)
<asynchronous suspension>
#16     AssembleCommand.runCommand (package:flutter_tools/src/commands/assemble.dart:365:32)
<asynchronous suspension>
#17     FlutterCommand.run.<anonymous closure> (package:flutter_tools/src/runner/flutter_command.dart:1590:27)
<asynchronous suspension>
#18     AppContext.run.<anonymous closure> (package:flutter_tools/src/base/context.dart:154:19)
<asynchronous suspension>
#19     CommandRunner.runCommand (package:args/command_runner.dart:212:13)
<asynchronous suspension>
#20     FlutterCommandRunner.runCommand.<anonymous closure> (package:flutter_tools/src/runner/flutter_command_runner.dart:496:9)
<asynchronous suspension>
#21     AppContext.run.<anonymous closure> (package:flutter_tools/src/base/context.dart:154:19)
<asynchronous suspension>
#22     FlutterCommandRunner.runCommand (package:flutter_tools/src/runner/flutter_command_runner.dart:431:5)
<asynchronous suspension>
#23     FlutterCommandRunner.run.<anonymous closure> (package:flutter_tools/src/runner/flutter_command_runner.dart:307:33)
<asynchronous suspension>
#24     run.<anonymous closure>.<anonymous closure> (package:flutter_tools/runner.dart:104:11)
<asynchronous suspension>
#25     AppContext.run.<anonymous closure> (package:flutter_tools/src/base/context.dart:154:19)
<asynchronous suspension>
#26     main (package:flutter_tools/executable.dart:103:3)
<asynchronous suspension>
```

## flutter doctor

```
[✓] Flutter (Channel stable, 3.41.0, on Microsoft Windows [Version 10.0.26200.8655], locale id-ID) [283ms]
    • Flutter version 3.41.0 on channel stable at C:\flutter
    • Upstream repository https://github.com/flutter/flutter.git
    • Framework revision 44a626f4f0 (4 months ago), 2026-02-10 10:16:12 -0800
    • Engine revision 3452d735bd
    • Dart version 3.11.0
    • DevTools version 2.54.1
    • Feature flags: enable-web, enable-linux-desktop, enable-macos-desktop, enable-windows-desktop, enable-android, enable-ios, cli-animations, enable-native-assets, omit-legacy-version-file, enable-lldb-debugging, enable-uiscene-migration

[✓] Windows Version (11 Home Single Language 64-bit, 25H2, 2009) [1.025ms]

[!] Android toolchain - develop for Android devices (Android SDK version 36.1.0) [226ms]
    • Android SDK at C:\Users\adria\AppData\Local\Android\sdk
    • Emulator version 36.6.11.0 (build_id 15507667) (CL:N/A)
    ✗ cmdline-tools component is missing.
      Try installing or updating Android Studio.
      Alternatively, download the tools from https://developer.android.com/studio#command-line-tools-only and make sure to set the ANDROID_HOME environment variable.
      See https://developer.android.com/studio/command-line for more details.
    ✗ Android license status unknown.
      Run `flutter doctor --android-licenses` to accept the SDK licenses.
      See https://flutter.dev/to/windows-android-setup for more details.

[✓] Chrome - develop for the web [11ms]
    • Chrome at C:\Program Files\Google\Chrome\Application\chrome.exe

[✗] Visual Studio - develop Windows apps [10ms]
    ✗ Visual Studio not installed; this is necessary to develop Windows apps.
      Download at https://visualstudio.microsoft.com/downloads/.
      Please install the "Desktop development with C++" workload, including all of its default components

[✓] Connected device (4 available) [341ms]
    • 25053PC47G (mobile) • 135b50af • android-arm64  • Android 16 (API 36)
    • Windows (desktop)   • windows  • windows-x64    • Microsoft Windows [Version 10.0.26200.8655]
    • Chrome (web)        • chrome   • web-javascript • Google Chrome 149.0.7827.103
    • Edge (web)          • edge     • web-javascript • Microsoft Edge 149.0.4022.69

[✓] Network resources [517ms]
    • All expected network resources are available.

! Doctor found issues in 2 categories.
```
